# serializer version: 1
# name: test_cli[log]
  list([
    'Appending values in tool.pytest.ini_options->filterwarnings; make sure the order is correct',
    "flake8-related sections ['flake8']; porting depends on which toolset to use. If you're transitioning to ruff, see https://pypi.org/project/flake8-to-ruff/",
    "setuptools sections ['metadata', 'options']; porting depends on which toolset to use. For example, hatch (https://pypi.org/project/hatch/) can port metadata to pyproject.toml.",
  ])
# ---
# name: test_cli[result]
  TOMLDocument({
    'tool': Table({
      'isort': Table({
        'multi_line_output': 3,
        'profile': 'black',
      }),
      'mypy': Table({
        'check_untyped_defs': False,
        'implicit_reexport': False,
        'no_implicit_optional': True,
        'overrides': AoT([
          Table({
            'ignore_missing_imports': True,
            'module': 'colors',
          }),
        ]),
        'pretty': True,
        'python_version': '3.5',
        'show_column_numbers': True,
        'show_error_codes': True,
        'show_error_context': True,
        'strict_equality': True,
        'warn_no_return': True,
        'warn_redundant_casts': False,
        'warn_return_any': True,
        'warn_unreachable': True,
        'warn_unused_configs': True,
        'warn_unused_ignores': False,
      }),
      'pytest': Table({
        'ini_options': Table({
          'doctest_optionflags': Array([
            'NORMALIZE_WHITESPACE',
            'IGNORE_EXCEPTION_DETAIL',
            'ALLOW_UNICODE',
          ]),
          'env': Array([
            'AWS_ACCESS_KEY_ID=foobar_key',
            'AWS_SECRET_ACCESS_KEY=foobar_secret',
          ]),
          'filterwarnings': Array([
            'ignore:.*imp module is deprecated.*:DeprecationWarning',
            'error',
            'default:Exception ignored.*FileIO.*',
          ]),
          'norecursedirs': Array([
            'bower_components',
            'node_modules',
            'foo',
            'bar',
          ]),
        }),
      }),
    }),
  })
# ---
